---
source: src/conflict.rs
assertion_line: 162
expression: conflicts
---
[
    Conflict {
        _blocks: [
            ChangeBlock {
                _range: Range {
                    start: Position {
                        line: 7,
                        character: 0,
                    },
                    end: Position {
                        line: 14,
                        character: 27,
                    },
                },
                _content: "1 pez\n2 pez\n3 pez\n4 pez",
            },
            ChangeBlock {
                _range: Range {
                    start: Position {
                        line: 16,
                        character: 0,
                    },
                    end: Position {
                        line: 19,
                        character: 28,
                    },
                },
                _content: "1 poisson\n2 poisson\n3 poisson\n4 poisson",
            },
        ],
    },
    Conflict {
        _blocks: [
            ChangeBlock {
                _range: Range {
                    start: Position {
                        line: 24,
                        character: 0,
                    },
                    end: Position {
                        line: 31,
                        character: 27,
                    },
                },
                _content: "5 pez\n6 pez\n7 pez\n8 pez",
            },
            ChangeBlock {
                _range: Range {
                    start: Position {
                        line: 33,
                        character: 0,
                    },
                    end: Position {
                        line: 36,
                        character: 28,
                    },
                },
                _content: "5 poisson\n6 poisson\n7 poisson\n8 poisson",
            },
        ],
    },
]
